// Jest Snapshot v1, https://goo.gl/fbAQLP

exports[`Home Page should check if all card components are there are not 1`] = `[Function]`;
