// Jest Snapshot v1, https://goo.gl/fbAQLP

exports[`Renders the App Component 1`] = `
<DocumentFragment>
  <div
    class="body"
  >
    <header
      class="paddings"
    >
      <div
        class="title"
      >
        <p>
          The Artifact
          <br />
          <em>
             Culture & Art Blog 
          </em>
        </p>
      </div>
      <nav>
        <a
          href="index.html"
        >
          Blog
        </a>
        <a
          href="about.html"
        >
          About
        </a>
        <a
          href="contact.html"
        >
          Contact
        </a>
      </nav>
    </header>
    <div
      class="main-body paddings"
    >
      <div
        class="display-box"
        data-testid="box"
      >
        <img
          src="/images/abstract.png"
        />
        <div
          class="box-data"
        >
          <div
            class="box-date"
          >
            <p>
              2nd Januray, 2018
            </p>
            <p>
              2 mins
            </p>
          </div>
          <div
            class="box-title"
          >
            <p>
              The future of abstract art and the culture ...
            </p>
          </div>
          <div
            class="box-desc"
          >
            <p>
              Create a blog post subtitle that summarizes your post in a few short, punchy sentences and entices your...
            </p>
          </div>
          <div
            class="box-divider"
          />
          <div
            class="box-likes"
          >
            <div
              class="claps"
              data-testid="clap-button"
            >
              <i
                class="icon-clap"
              />
              <p>
                10
              </p>
            </div>
            <i
              class="icon-heart-black"
              data-testid="like-button"
            />
          </div>
        </div>
      </div>
      <div
        class="display-box"
        data-testid="box"
      >
        <img
          src="/images/outdoor.png"
        />
        <div
          class="box-data"
        >
          <div
            class="box-date"
          >
            <p>
              31st Januray, 2018
            </p>
            <p>
              1 min
            </p>
          </div>
          <div
            class="box-title"
          >
            <p>
              How painting outdoors can transform your 
            </p>
          </div>
          <div
            class="box-desc"
          >
            <p>
              Create a blog post subtitle that summarizes your post in a few short, punchy sentences and entices your...
            </p>
          </div>
          <div
            class="box-divider"
          />
          <div
            class="box-likes"
          >
            <div
              class="claps"
              data-testid="clap-button"
            >
              <i
                class="icon-clap"
              />
              <p>
                1
              </p>
            </div>
            <i
              class="icon-heart-red"
              data-testid="like-button"
            />
          </div>
        </div>
      </div>
      <div
        class="display-box"
        data-testid="box"
      >
        <img
          src="/images/young-painters.png"
        />
        <div
          class="box-data"
        >
          <div
            class="box-date"
          >
            <p>
              20th March, 2018
            </p>
            <p>
              2 mins
            </p>
          </div>
          <div
            class="box-title"
          >
            <p>
              10 young painters you need to know
            </p>
          </div>
          <div
            class="box-desc"
          >
            <p>
              Create a blog post subtitle that summarizes your post in a few short, punchy sentences and entices your...
            </p>
          </div>
          <div
            class="box-divider"
          />
          <div
            class="box-likes"
          >
            <div
              class="claps"
              data-testid="clap-button"
            >
              <i
                class="icon-clap"
              />
              <p>
                15
              </p>
            </div>
            <i
              class="icon-heart-black"
              data-testid="like-button"
            />
          </div>
        </div>
      </div>
      <div
        class="display-box"
        data-testid="box"
      >
        <img
          src="/images/perfect-art.png"
        />
        <div
          class="box-data"
        >
          <div
            class="box-date"
          >
            <p>
              22nd June, 2018
            </p>
            <p>
              5 mins
            </p>
          </div>
          <div
            class="box-title"
          >
            <p>
              Tips for creating the perfect art
            </p>
          </div>
          <div
            class="box-desc"
          >
            <p>
              Create a blog post subtitle that summarizes your post in a few short, punchy sentences and entices your...
            </p>
          </div>
          <div
            class="box-divider"
          />
          <div
            class="box-likes"
          >
            <div
              class="claps"
              data-testid="clap-button"
            >
              <i
                class="icon-clap"
              />
              <p>
                11
              </p>
            </div>
            <i
              class="icon-heart-black"
              data-testid="like-button"
            />
          </div>
        </div>
      </div>
      <div
        class="display-box"
        data-testid="box"
      >
        <img
          src="/images/inspired.png"
        />
        <div
          class="box-data"
        >
          <div
            class="box-date"
          >
            <p>
              4th Feburary, 2019
            </p>
            <p>
              9 mins
            </p>
          </div>
          <div
            class="box-title"
          >
            <p>
              Stay inspired: top artists blog ...
            </p>
          </div>
          <div
            class="box-desc"
          >
            <p>
              Create a blog post subtitle that summarizes your post in a few short, punchy sentences and entices your...
            </p>
          </div>
          <div
            class="box-divider"
          />
          <div
            class="box-likes"
          >
            <div
              class="claps"
              data-testid="clap-button"
            >
              <i
                class="icon-clap"
              />
              <p>
                45
              </p>
            </div>
            <i
              class="icon-heart-red"
              data-testid="like-button"
            />
          </div>
        </div>
      </div>
      <div
        class="display-box"
        data-testid="box"
      >
        <img
          src="/images/reason.png"
        />
        <div
          class="box-data"
        >
          <div
            class="box-date"
          >
            <p>
              10th Januray, 2019
            </p>
            <p>
              2 mins
            </p>
          </div>
          <div
            class="box-title"
          >
            <p>
              5 reasons why everyone should try an...
            </p>
          </div>
          <div
            class="box-desc"
          >
            <p>
              Create a blog post subtitle that summarizes your post in a few short, punchy sentences and entices your...
            </p>
          </div>
          <div
            class="box-divider"
          />
          <div
            class="box-likes"
          >
            <div
              class="claps"
              data-testid="clap-button"
            >
              <i
                class="icon-clap"
              />
              <p>
                11
              </p>
            </div>
            <i
              class="icon-heart-black"
              data-testid="like-button"
            />
          </div>
        </div>
      </div>
    </div>
    <footer
      class="paddings"
    >
      <p>
        Â©artifact.com 2019
      </p>
    </footer>
  </div>
</DocumentFragment>
`;
